netcdf ref_string {
dimensions:
	d2 = 2 ;
variables:
	ubyte c(d2) ;
		c:_FillValue = 0UB ;
	string v(d2) ;
 		string v:_FillValue = "" ;
	string truncated ;
		truncated:_nczarr_maxstrlen = 4 ;
 		string truncated:_FillValue = "" ;

// global attributes:
		string :stringattr = "abc", "def" ;
		:charattr = "ghijkl" ;
		:_nczarr_default_maxstrlen = 6 ;
data:

 c = 97, 98 ;

 v = "uvw", "xyz" ;

 truncated = "0123" ;
}
